Flutter crash report.
Please report a bug at https://github.com/flutter/flutter/issues.

## command

flutter analyze /Users/sahil/RutsXoxo/Ruts/lib/features/masters/presentation/screens/material_master_screen.dart

## exception

PathExistsException: PathExistsException: Cannot create link, path = '/Users/sahil/RutsXoxo/Ruts/macos/Flutter/ephemeral/Packages/.packages/file_selector_macos-0.9.5' (OS Error: File exists, errno = 17)

```
#0      _Link.throwIfError (dart:io/link.dart:358:7)
#1      _Link.createSync (dart:io/link.dart:276:5)
#2      ForwardingLink.createSync (package:file/src/forwarding/forwarding_link.dart:20:16)
#3      ForwardingLink.createSync (package:file/src/forwarding/forwarding_link.dart:20:16)
#4      SwiftPackageManager._dependenciesForPlugins (package:flutter_tools/src/macos/swift_package_manager.dart:177:21)
#5      SwiftPackageManager.generatePluginsSwiftPackage (package:flutter_tools/src/macos/swift_package_manager.dart:72:9)
#6      DarwinDependencyManagement.setUp (package:flutter_tools/src/macos/darwin_dependency_management.dart:63:34)
#7      injectPlugins (package:flutter_tools/src/flutter_plugins.dart:1379:42)
<asynchronous suspension>
#8      FlutterProject.ensureReadyForPlatformSpecificTooling (package:flutter_tools/src/project.dart:420:5)
<asynchronous suspension>
#9      FlutterCommand.regeneratePlatformSpecificToolingIfApplicable (package:flutter_tools/src/runner/flutter_command.dart:2010:5)
<asynchronous suspension>
#10     FlutterCommand.verifyThenRunCommand (package:flutter_tools/src/runner/flutter_command.dart:1966:7)
<asynchronous suspension>
#11     FlutterCommand.run.<anonymous closure> (package:flutter_tools/src/runner/flutter_command.dart:1630:27)
<asynchronous suspension>
#12     AppContext.run.<anonymous closure> (package:flutter_tools/src/base/context.dart:154:19)
<asynchronous suspension>
#13     CommandRunner.runCommand (package:args/command_runner.dart:212:13)
<asynchronous suspension>
#14     FlutterCommandRunner.runCommand.<anonymous closure> (package:flutter_tools/src/runner/flutter_command_runner.dart:496:9)
<asynchronous suspension>
#15     AppContext.run.<anonymous closure> (package:flutter_tools/src/base/context.dart:154:19)
<asynchronous suspension>
#16     FlutterCommandRunner.runCommand (package:flutter_tools/src/runner/flutter_command_runner.dart:431:5)
<asynchronous suspension>
#17     FlutterCommandRunner.run.<anonymous closure> (package:flutter_tools/src/runner/flutter_command_runner.dart:307:33)
<asynchronous suspension>
#18     run.<anonymous closure>.<anonymous closure> (package:flutter_tools/runner.dart:104:11)
<asynchronous suspension>
#19     AppContext.run.<anonymous closure> (package:flutter_tools/src/base/context.dart:154:19)
<asynchronous suspension>
#20     main (package:flutter_tools/executable.dart:103:3)
<asynchronous suspension>
```

## flutter doctor

```
[✓] Flutter (Channel stable, 3.44.2, on macOS 26.2 25C56 darwin-arm64, locale en-US) [615ms]
    • Flutter version 3.44.2 on channel stable at /Users/sahil/flutter
    • Upstream repository https://github.com/flutter/flutter.git
    • Framework revision c9a6c48423 (2 months ago), 2026-06-10 15:52:41 -0700
    • Engine revision 77e2e94772
    • Dart version 3.12.2
    • DevTools version 2.57.0
    • Feature flags: enable-web, enable-linux-desktop, enable-macos-desktop, enable-windows-desktop, enable-android, enable-ios, cli-animations, enable-native-assets, enable-swift-package-manager, omit-legacy-version-file, enable-lldb-debugging, enable-uiscene-migration

[!] Android toolchain - develop for Android devices (Android SDK version 36.1.0) [628ms]
    • Android SDK at /Users/sahil/Library/Android/sdk
    • Emulator version 36.2.12.0 (build_id 14214601) (CL:N/A)
    ✗ cmdline-tools component is missing.
      Try installing or updating Android Studio.
      Alternatively, download the tools from https://developer.android.com/studio#command-line-tools-only and make sure to set the ANDROID_HOME environment variable.
      See https://developer.android.com/studio/command-line for more details.
    ✗ Android license status unknown.
      Run `flutter doctor --android-licenses` to accept the SDK licenses.
      See https://flutter.dev/to/macos-android-setup for more details.

[✓] Xcode - develop for iOS and macOS (Xcode 26.2) [1,421ms]
    • Xcode at /Applications/Xcode.app/Contents/Developer
    • Build 17C52
    • CocoaPods version 1.16.2

[✗] Chrome - develop for the web (Cannot find Chrome executable at /Applications/Google Chrome.app/Contents/MacOS/Google Chrome) [3ms]
    ! Cannot find Chrome. Try setting CHROME_EXECUTABLE to a Chrome executable.

[✓] Connected device (2 available) [5.9s]
    • 11 (mobile)     • 00008150-000163213646401C • ios          • iOS 26.6 23G5043d
    • macOS (desktop) • macos                     • darwin-arm64 • macOS 26.2 25C56 darwin-arm64
    ! Error: Browsing on the local area network for 11. Ensure the device is unlocked and attached with a cable or associated with the same local area network as this Mac.
      The device must be opted into Developer Mode to connect wirelessly. (code -27)
    ! Error: Browsing on the local area network for test. Ensure the device is unlocked and attached with a cable or associated with the same local area network as this Mac.
      The device must be opted into Developer Mode to connect wirelessly. (code -27)

[✓] Network resources [923ms]
    • All expected network resources are available.

! Doctor found issues in 2 categories.
```
